Archive member included because of file (symbol)

/usr/lib/gcc/avr/4.5.3/avr5/libgcc.a(_mulsi3.o)
                              ../../RP6Lib/RP6base/RP6RobotBaseLib.o (__mulsi3)
/usr/lib/gcc/avr/4.5.3/avr5/libgcc.a(_udivmodhi4.o)
                              ../../RP6Lib/RP6base/RP6RobotBaseLib.o (__udivmodhi4)
/usr/lib/gcc/avr/4.5.3/avr5/libgcc.a(_divmodhi4.o)
                              ../../RP6Lib/RP6base/RP6RobotBaseLib.o (__divmodhi4)
/usr/lib/gcc/avr/4.5.3/avr5/libgcc.a(_udivmodsi4.o)
                              ../../RP6Lib/RP6base/RP6RobotBaseLib.o (__udivmodsi4)
/usr/lib/gcc/avr/4.5.3/avr5/libgcc.a(_exit.o)
                              /usr/lib/gcc/avr/4.5.3/../../../avr/lib/avr5/crtm32.o (exit)
/usr/lib/gcc/avr/4.5.3/avr5/libgcc.a(_copy_data.o)
                              RP6Base_I2CSlave.o (__do_copy_data)
/usr/lib/gcc/avr/4.5.3/avr5/libgcc.a(_clear_bss.o)
                              RP6Base_I2CSlave.o (__do_clear_bss)
/usr/lib/gcc/avr/4.5.3/../../../avr/lib/avr5/libc.a(itoa.o)
                              ../../RP6Lib/RP6common/RP6uart.o (itoa)
/usr/lib/gcc/avr/4.5.3/../../../avr/lib/avr5/libc.a(strrev.o)
                              /usr/lib/gcc/avr/4.5.3/../../../avr/lib/avr5/libc.a(itoa.o) (strrev)

Allocating common symbols
Common symbol       size              file

bumper_left         0x1               ../../RP6Lib/RP6base/RP6RobotBaseLib.o
preStop_R           0x2               ../../RP6Lib/RP6base/RP6RobotBaseLib.o
mright_des_speed    0x2               ../../RP6Lib/RP6base/RP6RobotBaseLib.o
interrupt_status    0x1               RP6Base_I2CSlave.o
I2CTWI_genCallCMD   0x1               ../../RP6Lib/RP6common/RP6I2CslaveTWI.o
timer               0x2               RP6Base_I2CSlave.o
mleft_des_speed     0x2               ../../RP6Lib/RP6base/RP6RobotBaseLib.o
mleft_des_speed_tmp
                    0x2               ../../RP6Lib/RP6base/RP6RobotBaseLib.o
uart_status         0x1               ../../RP6Lib/RP6common/RP6uart.o
I2CTWI_writeRegisters
                    0x10              ../../RP6Lib/RP6common/RP6I2CslaveTWI.o
motion_status       0x1               RP6Base_I2CSlave.o
sysStatACS          0x1               ../../RP6Lib/RP6base/RP6RobotBaseLib.o
ircomm_send         0x1               ../../RP6Lib/RP6base/RP6RobotBaseLib.o
overcurrent_error_clear
                    0x1               ../../RP6Lib/RP6base/RP6RobotBaseLib.o
distanceToMove_R    0x2               ../../RP6Lib/RP6base/RP6RobotBaseLib.o
drive_status        0x1               RP6Base_I2CSlave.o
acs_pulse           0x1               ../../RP6Lib/RP6base/RP6RobotBaseLib.o
param6              0x1               RP6Base_I2CSlave.o
left_i              0x2               ../../RP6Lib/RP6base/RP6RobotBaseLib.o
IRCOMM_RC5_data     0x2               ../../RP6Lib/RP6base/RP6RobotBaseLib.o
motor_control       0x1               ../../RP6Lib/RP6base/RP6RobotBaseLib.o
leds_on             0x1               ../../RP6Lib/RP6base/RP6RobotBaseLib.o
param1              0x1               RP6Base_I2CSlave.o
mleft_power         0x2               ../../RP6Lib/RP6base/RP6RobotBaseLib.o
mleft_speed         0x2               ../../RP6Lib/RP6base/RP6RobotBaseLib.o
preDecelerate_R     0x2               ../../RP6Lib/RP6base/RP6RobotBaseLib.o
param4              0x1               RP6Base_I2CSlave.o
mright_des_speed_tmp
                    0x2               ../../RP6Lib/RP6base/RP6RobotBaseLib.o
adc1                0x2               ../../RP6Lib/RP6base/RP6RobotBaseLib.o
adcLSL              0x2               ../../RP6Lib/RP6base/RP6RobotBaseLib.o
acs_timer           0x2               ../../RP6Lib/RP6base/RP6RobotBaseLib.o
preStop_L           0x2               ../../RP6Lib/RP6base/RP6RobotBaseLib.o
mright_power        0x2               ../../RP6Lib/RP6base/RP6RobotBaseLib.o
mright_counter      0x2               ../../RP6Lib/RP6base/RP6RobotBaseLib.o
ircomm_data_tmp     0x2               ../../RP6Lib/RP6base/RP6RobotBaseLib.o
distanceToMove_L    0x2               ../../RP6Lib/RP6base/RP6RobotBaseLib.o
stopwatches         0x11              ../../RP6Lib/RP6base/RP6RobotBaseLib.o
overcurrent_timeout
                    0x1               ../../RP6Lib/RP6base/RP6RobotBaseLib.o
obstacle_left       0x1               ../../RP6Lib/RP6base/RP6RobotBaseLib.o
overcurrent_errors  0x1               ../../RP6Lib/RP6base/RP6RobotBaseLib.o
overcurrent_timer   0x1               ../../RP6Lib/RP6base/RP6RobotBaseLib.o
statusLEDs          0x1               RP6Base_I2CSlave.o
mright_ptmp         0x1               ../../RP6Lib/RP6base/RP6RobotBaseLib.o
ircomm_data         0x2               ../../RP6Lib/RP6base/RP6RobotBaseLib.o
adcLSR              0x2               ../../RP6Lib/RP6base/RP6RobotBaseLib.o
speed_adjust_timer  0x1               ../../RP6Lib/RP6base/RP6RobotBaseLib.o
param2              0x1               RP6Base_I2CSlave.o
obstacle_right      0x1               ../../RP6Lib/RP6base/RP6RobotBaseLib.o
speed_timer         0x1               ../../RP6Lib/RP6base/RP6RobotBaseLib.o
right_i             0x2               ../../RP6Lib/RP6base/RP6RobotBaseLib.o
bumper_timer        0x1               ../../RP6Lib/RP6base/RP6RobotBaseLib.o
param3              0x1               RP6Base_I2CSlave.o
mright_dist         0x2               ../../RP6Lib/RP6base/RP6RobotBaseLib.o
preDecelerate_L     0x2               ../../RP6Lib/RP6base/RP6RobotBaseLib.o
mleft_counter       0x2               ../../RP6Lib/RP6base/RP6RobotBaseLib.o
adc0                0x2               ../../RP6Lib/RP6base/RP6RobotBaseLib.o
delay_timer         0x1               ../../RP6Lib/RP6base/RP6RobotBaseLib.o
lastRC5Reception    0x2               RP6Base_I2CSlave.o
I2CTWI_readRegisters
                    0x30              ../../RP6Lib/RP6common/RP6I2CslaveTWI.o
adcMotorCurrentRight
                    0x2               ../../RP6Lib/RP6base/RP6RobotBaseLib.o
ms_timer            0x1               ../../RP6Lib/RP6base/RP6RobotBaseLib.o
param5              0x1               RP6Base_I2CSlave.o
mleft_dist          0x2               ../../RP6Lib/RP6base/RP6RobotBaseLib.o
mright_speed        0x2               ../../RP6Lib/RP6base/RP6RobotBaseLib.o
bumper_right        0x1               ../../RP6Lib/RP6base/RP6RobotBaseLib.o
acs_event_counter   0x1               ../../RP6Lib/RP6base/RP6RobotBaseLib.o
motion_status_tmp   0x1               ../../RP6Lib/RP6base/RP6RobotBaseLib.o
adcBat              0x2               ../../RP6Lib/RP6base/RP6RobotBaseLib.o
uart_receive_buffer
                    0x21              ../../RP6Lib/RP6common/RP6uart.o
IRCOMM_RC5_data_ok  0x2               ../../RP6Lib/RP6base/RP6RobotBaseLib.o
status              0x1               RP6Base_I2CSlave.o
mleft_ptmp          0x1               ../../RP6Lib/RP6base/RP6RobotBaseLib.o
adcMotorCurrentLeft
                    0x2               ../../RP6Lib/RP6base/RP6RobotBaseLib.o
cmd                 0x1               RP6Base_I2CSlave.o

Memory Configuration

Name             Origin             Length             Attributes
text             0x0000000000000000 0x0000000000020000 xr
data             0x0000000000800060 0x000000000000ffa0 rw !x
eeprom           0x0000000000810000 0x0000000000010000 rw !x
fuse             0x0000000000820000 0x0000000000000400 rw !x
lock             0x0000000000830000 0x0000000000000400 rw !x
signature        0x0000000000840000 0x0000000000000400 rw !x
*default*        0x0000000000000000 0xffffffffffffffff

Linker script and memory map

LOAD /usr/lib/gcc/avr/4.5.3/../../../avr/lib/avr5/crtm32.o
LOAD RP6Base_I2CSlave.o
LOAD ../../RP6Lib/RP6base/RP6RobotBaseLib.o
LOAD ../../RP6Lib/RP6common/RP6uart.o
LOAD ../../RP6Lib/RP6common/RP6I2CslaveTWI.o
LOAD /usr/lib/gcc/avr/4.5.3/../../../avr/lib/avr5/libm.a
LOAD /usr/lib/gcc/avr/4.5.3/avr5/libgcc.a
LOAD /usr/lib/gcc/avr/4.5.3/../../../avr/lib/avr5/libc.a
LOAD /usr/lib/gcc/avr/4.5.3/avr5/libgcc.a

.hash
 *(.hash)

.dynsym
 *(.dynsym)

.dynstr
 *(.dynstr)

.gnu.version
 *(.gnu.version)

.gnu.version_d
 *(.gnu.version_d)

.gnu.version_r
 *(.gnu.version_r)

.rel.init
 *(.rel.init)

.rela.init
 *(.rela.init)

.rel.text
 *(.rel.text)
 *(.rel.text.*)
 *(.rel.gnu.linkonce.t*)

.rela.text
 *(.rela.text)
 *(.rela.text.*)
 *(.rela.gnu.linkonce.t*)

.rel.fini
 *(.rel.fini)

.rela.fini
 *(.rela.fini)

.rel.rodata
 *(.rel.rodata)
 *(.rel.rodata.*)
 *(.rel.gnu.linkonce.r*)

.rela.rodata
 *(.rela.rodata)
 *(.rela.rodata.*)
 *(.rela.gnu.linkonce.r*)

.rel.data
 *(.rel.data)
 *(.rel.data.*)
 *(.rel.gnu.linkonce.d*)

.rela.data
 *(.rela.data)
 *(.rela.data.*)
 *(.rela.gnu.linkonce.d*)

.rel.ctors
 *(.rel.ctors)

.rela.ctors
 *(.rela.ctors)

.rel.dtors
 *(.rel.dtors)

.rela.dtors
 *(.rela.dtors)

.rel.got
 *(.rel.got)

.rela.got
 *(.rela.got)

.rel.bss
 *(.rel.bss)

.rela.bss
 *(.rela.bss)

.rel.plt
 *(.rel.plt)

.rela.plt
 *(.rela.plt)

.text           0x0000000000000000     0x222c
 *(.vectors)
 .vectors       0x0000000000000000       0x54 /usr/lib/gcc/avr/4.5.3/../../../avr/lib/avr5/crtm32.o
                0x0000000000000000                __vectors
                0x0000000000000000                __vector_default
 *(.vectors)
 *(.progmem.gcc*)
 *(.progmem*)
 .progmem.data  0x0000000000000054       0xf9 RP6Base_I2CSlave.o
 .progmem.data  0x000000000000014d      0x1be ../../RP6Lib/RP6base/RP6RobotBaseLib.o
                0x000000000000030c                . = ALIGN (0x2)
 *fill*         0x000000000000030b        0x1 00
                0x000000000000030c                __trampolines_start = .
 *(.trampolines)
 .trampolines   0x000000000000030c        0x0 linker stubs
 *(.trampolines*)
                0x000000000000030c                __trampolines_end = .
 *(.jumptables)
 *(.jumptables*)
 *(.lowtext)
 *(.lowtext*)
                0x000000000000030c                __ctors_start = .
 *(.ctors)
                0x000000000000030c                __ctors_end = .
                0x000000000000030c                __dtors_start = .
 *(.dtors)
                0x000000000000030c                __dtors_end = .
 SORT(*)(.ctors)
 SORT(*)(.dtors)
 *(.init0)
 .init0         0x000000000000030c        0x0 /usr/lib/gcc/avr/4.5.3/../../../avr/lib/avr5/crtm32.o
                0x000000000000030c                __init
 *(.init0)
 *(.init1)
 *(.init1)
 *(.init2)
 .init2         0x000000000000030c        0xc /usr/lib/gcc/avr/4.5.3/../../../avr/lib/avr5/crtm32.o
 *(.init2)
 *(.init3)
 *(.init3)
 *(.init4)
 .init4         0x0000000000000318       0x16 /usr/lib/gcc/avr/4.5.3/avr5/libgcc.a(_copy_data.o)
                0x0000000000000318                __do_copy_data
 .init4         0x000000000000032e       0x10 /usr/lib/gcc/avr/4.5.3/avr5/libgcc.a(_clear_bss.o)
                0x000000000000032e                __do_clear_bss
 *(.init4)
 *(.init5)
 *(.init5)
 *(.init6)
 *(.init6)
 *(.init7)
 *(.init7)
 *(.init8)
 *(.init8)
 *(.init9)
 .init9         0x000000000000033e        0x8 /usr/lib/gcc/avr/4.5.3/../../../avr/lib/avr5/crtm32.o
 *(.init9)
 *(.text)
 .text          0x0000000000000346        0x4 /usr/lib/gcc/avr/4.5.3/../../../avr/lib/avr5/crtm32.o
                0x0000000000000346                __vector_12
                0x0000000000000346                __bad_interrupt
                0x0000000000000346                __vector_6
                0x0000000000000346                __vector_11
                0x0000000000000346                __vector_17
                0x0000000000000346                __vector_7
                0x0000000000000346                __vector_5
                0x0000000000000346                __vector_9
                0x0000000000000346                __vector_15
                0x0000000000000346                __vector_8
                0x0000000000000346                __vector_14
                0x0000000000000346                __vector_16
                0x0000000000000346                __vector_18
                0x0000000000000346                __vector_20
 .text          0x000000000000034a      0x61a RP6Base_I2CSlave.o
                0x000000000000034a                signalInterrupt
                0x0000000000000366                motionControlStateChanged
                0x0000000000000390                receiveRC5Data
                0x00000000000003de                bumpersStateChanged
                0x0000000000000406                acsStateChanged
                0x0000000000000434                clearInterrupt
                0x0000000000000460                task_update
                0x0000000000000522                task_updateRegisters
                0x0000000000000668                getCommand
                0x00000000000006c0                task_commandProcessor
                0x0000000000000838                task_MasterTimeout
                0x00000000000008da                main
 .text          0x0000000000000964     0x141c ../../RP6Lib/RP6base/RP6RobotBaseLib.o
                0x0000000000000964                BUMPERS_stateChanged_DUMMY
                0x0000000000000966                MOTIONCONTROL_stateChanged_DUMMY
                0x0000000000000968                IRCOMM_RC5dataReady_DUMMY
                0x000000000000096a                ACS_stateChanged_DUMMY
                0x000000000000096c                enablePowerOnWarning
                0x000000000000097a                disablePowerOnWarning
                0x0000000000000982                updateStatusLEDs
                0x00000000000009ea                setLEDs
                0x00000000000009f4                getBumperLeft
                0x0000000000000a0c                getBumperRight
                0x0000000000000a24                BUMPERS_setStateChangedHandler
                0x0000000000000a2e                task_Bumpers
                0x0000000000000a6c                readADC
                0x0000000000000a8c                startADC
                0x0000000000000a96                task_ADC
                0x0000000000000b48                __vector_1
                0x0000000000000b88                __vector_2
                0x0000000000000bc8                MOTIONCONTROL_setStateChangedHandler
                0x0000000000000bd2                moveAtSpeed
                0x0000000000000bf0                changeDirection
                0x0000000000000c20                isMovementComplete
                0x0000000000000c2e                stop
                0x0000000000000c68                setMotorPower
                0x0000000000000c86                setMotorDir
                0x0000000000000cac                IRCOMM_sendRC5
                0x0000000000000cec                __vector_4
                0x0000000000000db0                __vector_3
                0x0000000000000dfe                IRCOMM_setRC5DataReadyHandler
                0x0000000000000e08                ACS_setStateChangedHandler
                0x0000000000000e12                task_ACS
                0x00000000000010a6                disableACS
                0x00000000000010c0                enableACS
                0x00000000000010dc                setACSPwrOff
                0x00000000000010ea                setACSPwrLow
                0x00000000000010f4                setACSPwrMed
                0x00000000000010fe                setACSPwrHigh
                0x0000000000001108                powerON
                0x000000000000111a                powerOFF
                0x0000000000001144                __vector_10
                0x00000000000014d6                sleep
                0x00000000000014e4                mSleep
                0x00000000000014fe                delayCycles
                0x000000000000150a                emergencyShutdown
                0x00000000000015e6                task_motionControl
                0x0000000000001aae                extIntON
                0x0000000000001ab4                extIntOFF
                0x0000000000001aba                task_RP6System
                0x0000000000001acc                rotate
                0x0000000000001bbc                move
                0x0000000000001cf2                initRobotBase
 .text          0x0000000000001d80      0x268 ../../RP6Lib/RP6common/RP6uart.o
                0x0000000000001d80                writeChar
                0x0000000000001d88                writeString
                0x0000000000001db0                writeNStringP
                0x0000000000001dcc                writeStringLength
                0x0000000000001e06                writeInteger
                0x0000000000001e4a                writeIntegerLength
                0x0000000000001ecc                __vector_13
                0x0000000000001f3a                readChar
                0x0000000000001f76                readChars
                0x0000000000001fbc                getBufferLength
                0x0000000000001fc8                clearReceptionBuffer
 .text          0x0000000000001fe8      0x10e ../../RP6Lib/RP6common/RP6I2CslaveTWI.o
                0x0000000000001fe8                I2CTWI_initSlave
                0x0000000000001ffc                __vector_19
 .text          0x00000000000020f6        0x0 /usr/lib/gcc/avr/4.5.3/avr5/libgcc.a(_mulsi3.o)
 .text          0x00000000000020f6        0x0 /usr/lib/gcc/avr/4.5.3/avr5/libgcc.a(_udivmodhi4.o)
 .text          0x00000000000020f6        0x0 /usr/lib/gcc/avr/4.5.3/avr5/libgcc.a(_divmodhi4.o)
 .text          0x00000000000020f6        0x0 /usr/lib/gcc/avr/4.5.3/avr5/libgcc.a(_udivmodsi4.o)
 .text          0x00000000000020f6        0x0 /usr/lib/gcc/avr/4.5.3/avr5/libgcc.a(_exit.o)
 .text          0x00000000000020f6        0x0 /usr/lib/gcc/avr/4.5.3/avr5/libgcc.a(_copy_data.o)
 .text          0x00000000000020f6        0x0 /usr/lib/gcc/avr/4.5.3/avr5/libgcc.a(_clear_bss.o)
 .text          0x00000000000020f6        0x0 /usr/lib/gcc/avr/4.5.3/../../../avr/lib/avr5/libc.a(itoa.o)
 .text          0x00000000000020f6        0x0 /usr/lib/gcc/avr/4.5.3/../../../avr/lib/avr5/libc.a(strrev.o)
                0x00000000000020f6                . = ALIGN (0x2)
 *(.text.*)
 .text.libgcc   0x00000000000020f6       0x3e /usr/lib/gcc/avr/4.5.3/avr5/libgcc.a(_mulsi3.o)
                0x00000000000020f6                __mulsi3
 .text.libgcc   0x0000000000002134       0x28 /usr/lib/gcc/avr/4.5.3/avr5/libgcc.a(_udivmodhi4.o)
                0x0000000000002134                __udivmodhi4
 .text.libgcc   0x000000000000215c       0x26 /usr/lib/gcc/avr/4.5.3/avr5/libgcc.a(_divmodhi4.o)
                0x000000000000215c                __divmodhi4
                0x000000000000215c                _div
 .text.libgcc   0x0000000000002182       0x44 /usr/lib/gcc/avr/4.5.3/avr5/libgcc.a(_udivmodsi4.o)
                0x0000000000002182                __udivmodsi4
 .text.libgcc   0x00000000000021c6        0x0 /usr/lib/gcc/avr/4.5.3/avr5/libgcc.a(_exit.o)
 .text.libgcc   0x00000000000021c6        0x0 /usr/lib/gcc/avr/4.5.3/avr5/libgcc.a(_copy_data.o)
 .text.libgcc   0x00000000000021c6        0x0 /usr/lib/gcc/avr/4.5.3/avr5/libgcc.a(_clear_bss.o)
 .text.avr-libc
                0x00000000000021c6       0x42 /usr/lib/gcc/avr/4.5.3/../../../avr/lib/avr5/libc.a(itoa.o)
                0x00000000000021c6                itoa
 .text.avr-libc
                0x0000000000002208       0x20 /usr/lib/gcc/avr/4.5.3/../../../avr/lib/avr5/libc.a(strrev.o)
                0x0000000000002208                strrev
                0x0000000000002228                . = ALIGN (0x2)
 *(.fini9)
 .fini9         0x0000000000002228        0x0 /usr/lib/gcc/avr/4.5.3/avr5/libgcc.a(_exit.o)
                0x0000000000002228                exit
                0x0000000000002228                _exit
 *(.fini9)
 *(.fini8)
 *(.fini8)
 *(.fini7)
 *(.fini7)
 *(.fini6)
 *(.fini6)
 *(.fini5)
 *(.fini5)
 *(.fini4)
 *(.fini4)
 *(.fini3)
 *(.fini3)
 *(.fini2)
 *(.fini2)
 *(.fini1)
 *(.fini1)
 *(.fini0)
 .fini0         0x0000000000002228        0x4 /usr/lib/gcc/avr/4.5.3/avr5/libgcc.a(_exit.o)
 *(.fini0)
                0x000000000000222c                _etext = .

.data           0x0000000000800060        0xc load address 0x000000000000222c
                0x0000000000800060                PROVIDE (__data_start, .)
 *(.data)
 .data          0x0000000000800060        0x0 /usr/lib/gcc/avr/4.5.3/../../../avr/lib/avr5/crtm32.o
 .data          0x0000000000800060        0x3 RP6Base_I2CSlave.o
                0x0000000000800060                uBat_measure
                0x0000000000800062                leds
 .data          0x0000000000800063        0x9 ../../RP6Lib/RP6base/RP6RobotBaseLib.o
                0x0000000000800063                acs_state
 .data          0x000000000080006c        0x0 ../../RP6Lib/RP6common/RP6uart.o
 .data          0x000000000080006c        0x0 ../../RP6Lib/RP6common/RP6I2CslaveTWI.o
 .data          0x000000000080006c        0x0 /usr/lib/gcc/avr/4.5.3/avr5/libgcc.a(_mulsi3.o)
 .data          0x000000000080006c        0x0 /usr/lib/gcc/avr/4.5.3/avr5/libgcc.a(_udivmodhi4.o)
 .data          0x000000000080006c        0x0 /usr/lib/gcc/avr/4.5.3/avr5/libgcc.a(_divmodhi4.o)
 .data          0x000000000080006c        0x0 /usr/lib/gcc/avr/4.5.3/avr5/libgcc.a(_udivmodsi4.o)
 .data          0x000000000080006c        0x0 /usr/lib/gcc/avr/4.5.3/avr5/libgcc.a(_exit.o)
 .data          0x000000000080006c        0x0 /usr/lib/gcc/avr/4.5.3/avr5/libgcc.a(_copy_data.o)
 .data          0x000000000080006c        0x0 /usr/lib/gcc/avr/4.5.3/avr5/libgcc.a(_clear_bss.o)
 .data          0x000000000080006c        0x0 /usr/lib/gcc/avr/4.5.3/../../../avr/lib/avr5/libc.a(itoa.o)
 .data          0x000000000080006c        0x0 /usr/lib/gcc/avr/4.5.3/../../../avr/lib/avr5/libc.a(strrev.o)
 *(.data*)
 *(.rodata)
 *(.rodata*)
 *(.gnu.linkonce.d*)
                0x000000000080006c                . = ALIGN (0x2)
                0x000000000080006c                _edata = .
                0x000000000080006c                PROVIDE (__data_end, .)

.bss            0x000000000080006c       0xf9
                0x000000000080006c                PROVIDE (__bss_start, .)
 *(.bss)
 .bss           0x000000000080006c        0x0 /usr/lib/gcc/avr/4.5.3/../../../avr/lib/avr5/crtm32.o
 .bss           0x000000000080006c        0x1 RP6Base_I2CSlave.o
                0x000000000080006c                uBat_count
 .bss           0x000000000080006d       0x12 ../../RP6Lib/RP6base/RP6RobotBaseLib.o
                0x000000000080006d                mleft_des_dir
                0x000000000080006e                mright_des_dir
                0x000000000080006f                mleft_dir
                0x0000000000800070                mright_dir
                0x0000000000800071                drive_dir
 .bss           0x000000000080007f        0x6 ../../RP6Lib/RP6common/RP6uart.o
                0x000000000080007f                read_pos
                0x0000000000800080                write_pos
                0x0000000000800081                read_size
                0x0000000000800082                write_size
 .bss           0x0000000000800085        0x6 ../../RP6Lib/RP6common/RP6I2CslaveTWI.o
                0x0000000000800085                I2CTWI_dataWasRead
                0x0000000000800086                I2CTWI_dataReadFromReg
                0x0000000000800087                I2CTWI_readBusy
                0x0000000000800088                I2CTWI_writeBusy
 .bss           0x000000000080008b        0x0 /usr/lib/gcc/avr/4.5.3/avr5/libgcc.a(_mulsi3.o)
 .bss           0x000000000080008b        0x0 /usr/lib/gcc/avr/4.5.3/avr5/libgcc.a(_udivmodhi4.o)
 .bss           0x000000000080008b        0x0 /usr/lib/gcc/avr/4.5.3/avr5/libgcc.a(_divmodhi4.o)
 .bss           0x000000000080008b        0x0 /usr/lib/gcc/avr/4.5.3/avr5/libgcc.a(_udivmodsi4.o)
 .bss           0x000000000080008b        0x0 /usr/lib/gcc/avr/4.5.3/avr5/libgcc.a(_exit.o)
 .bss           0x000000000080008b        0x0 /usr/lib/gcc/avr/4.5.3/avr5/libgcc.a(_copy_data.o)
 .bss           0x000000000080008b        0x0 /usr/lib/gcc/avr/4.5.3/avr5/libgcc.a(_clear_bss.o)
 .bss           0x000000000080008b        0x0 /usr/lib/gcc/avr/4.5.3/../../../avr/lib/avr5/libc.a(itoa.o)
 .bss           0x000000000080008b        0x0 /usr/lib/gcc/avr/4.5.3/../../../avr/lib/avr5/libc.a(strrev.o)
 *(.bss*)
 *(COMMON)
 COMMON         0x000000000080008b       0x10 RP6Base_I2CSlave.o
                0x000000000080008b                interrupt_status
                0x000000000080008c                timer
                0x000000000080008e                motion_status
                0x000000000080008f                drive_status
                0x0000000000800090                param6
                0x0000000000800091                param1
                0x0000000000800092                param4
                0x0000000000800093                statusLEDs
                0x0000000000800094                param2
                0x0000000000800095                param3
                0x0000000000800096                lastRC5Reception
                0x0000000000800098                param5
                0x0000000000800099                status
                0x000000000080009a                cmd
 COMMON         0x000000000080009b       0x67 ../../RP6Lib/RP6base/RP6RobotBaseLib.o
                0x000000000080009b                bumper_left
                0x000000000080009c                preStop_R
                0x000000000080009e                mright_des_speed
                0x00000000008000a0                mleft_des_speed
                0x00000000008000a2                mleft_des_speed_tmp
                0x00000000008000a4                sysStatACS
                0x00000000008000a5                ircomm_send
                0x00000000008000a6                overcurrent_error_clear
                0x00000000008000a7                distanceToMove_R
                0x00000000008000a9                acs_pulse
                0x00000000008000aa                left_i
                0x00000000008000ac                IRCOMM_RC5_data
                0x00000000008000ae                motor_control
                0x00000000008000af                leds_on
                0x00000000008000b0                mleft_power
                0x00000000008000b2                mleft_speed
                0x00000000008000b4                preDecelerate_R
                0x00000000008000b6                mright_des_speed_tmp
                0x00000000008000b8                adc1
                0x00000000008000ba                adcLSL
                0x00000000008000bc                acs_timer
                0x00000000008000be                preStop_L
                0x00000000008000c0                mright_power
                0x00000000008000c2                mright_counter
                0x00000000008000c4                ircomm_data_tmp
                0x00000000008000c6                distanceToMove_L
                0x00000000008000c8                stopwatches
                0x00000000008000d9                overcurrent_timeout
                0x00000000008000da                obstacle_left
                0x00000000008000db                overcurrent_errors
                0x00000000008000dc                overcurrent_timer
                0x00000000008000dd                mright_ptmp
                0x00000000008000de                ircomm_data
                0x00000000008000e0                adcLSR
                0x00000000008000e2                speed_adjust_timer
                0x00000000008000e3                obstacle_right
                0x00000000008000e4                speed_timer
                0x00000000008000e5                right_i
                0x00000000008000e7                bumper_timer
                0x00000000008000e8                mright_dist
                0x00000000008000ea                preDecelerate_L
                0x00000000008000ec                mleft_counter
                0x00000000008000ee                adc0
                0x00000000008000f0                delay_timer
                0x00000000008000f1                adcMotorCurrentRight
                0x00000000008000f3                ms_timer
                0x00000000008000f4                mleft_dist
                0x00000000008000f6                mright_speed
                0x00000000008000f8                bumper_right
                0x00000000008000f9                acs_event_counter
                0x00000000008000fa                motion_status_tmp
                0x00000000008000fb                adcBat
                0x00000000008000fd                IRCOMM_RC5_data_ok
                0x00000000008000ff                mleft_ptmp
                0x0000000000800100                adcMotorCurrentLeft
 COMMON         0x0000000000800102       0x22 ../../RP6Lib/RP6common/RP6uart.o
                0x0000000000800102                uart_status
                0x0000000000800103                uart_receive_buffer
 COMMON         0x0000000000800124       0x41 ../../RP6Lib/RP6common/RP6I2CslaveTWI.o
                0x0000000000800124                I2CTWI_genCallCMD
                0x0000000000800125                I2CTWI_writeRegisters
                0x0000000000800135                I2CTWI_readRegisters
                0x0000000000800165                PROVIDE (__bss_end, .)
                0x000000000000222c                __data_load_start = LOADADDR (.data)
                0x0000000000002238                __data_load_end = (__data_load_start + SIZEOF (.data))

.noinit         0x0000000000800165        0x0
                0x0000000000800165                PROVIDE (__noinit_start, .)
 *(.noinit*)
                0x0000000000800165                PROVIDE (__noinit_end, .)
                0x0000000000800165                _end = .
                0x0000000000800165                PROVIDE (__heap_start, .)

.eeprom         0x0000000000810000        0x0
 *(.eeprom*)
                0x0000000000810000                __eeprom_end = .

.fuse
 *(.fuse)
 *(.lfuse)
 *(.hfuse)
 *(.efuse)

.lock
 *(.lock*)

.signature
 *(.signature*)

.stab           0x0000000000000000      0x954
 *(.stab)
 .stab          0x0000000000000000      0x6cc /usr/lib/gcc/avr/4.5.3/../../../avr/lib/avr5/crtm32.o
 .stab          0x00000000000006cc      0x1b0 /usr/lib/gcc/avr/4.5.3/../../../avr/lib/avr5/libc.a(itoa.o)
                                        0x1bc (size before relaxing)
 .stab          0x000000000000087c       0xd8 /usr/lib/gcc/avr/4.5.3/../../../avr/lib/avr5/libc.a(strrev.o)
                                         0xe4 (size before relaxing)

.stabstr        0x0000000000000000       0xb4
 *(.stabstr)
 .stabstr       0x0000000000000000       0xb4 /usr/lib/gcc/avr/4.5.3/../../../avr/lib/avr5/crtm32.o

.stab.excl
 *(.stab.excl)

.stab.exclstr
 *(.stab.exclstr)

.stab.index
 *(.stab.index)

.stab.indexstr
 *(.stab.indexstr)

.comment
 *(.comment)

.debug
 *(.debug)

.line
 *(.line)

.debug_srcinfo
 *(.debug_srcinfo)

.debug_sfnames
 *(.debug_sfnames)

.debug_aranges  0x0000000000000000       0x80
 *(.debug_aranges)
 .debug_aranges
                0x0000000000000000       0x20 RP6Base_I2CSlave.o
 .debug_aranges
                0x0000000000000020       0x20 ../../RP6Lib/RP6base/RP6RobotBaseLib.o
 .debug_aranges
                0x0000000000000040       0x20 ../../RP6Lib/RP6common/RP6uart.o
 .debug_aranges
                0x0000000000000060       0x20 ../../RP6Lib/RP6common/RP6I2CslaveTWI.o

.debug_pubnames
                0x0000000000000000      0xc0f
 *(.debug_pubnames)
 .debug_pubnames
                0x0000000000000000      0x1ec RP6Base_I2CSlave.o
 .debug_pubnames
                0x00000000000001ec      0x810 ../../RP6Lib/RP6base/RP6RobotBaseLib.o
 .debug_pubnames
                0x00000000000009fc      0x138 ../../RP6Lib/RP6common/RP6uart.o
 .debug_pubnames
                0x0000000000000b34       0xdb ../../RP6Lib/RP6common/RP6I2CslaveTWI.o

.debug_info     0x0000000000000000     0x2556
 *(.debug_info)
 .debug_info    0x0000000000000000      0xace RP6Base_I2CSlave.o
 .debug_info    0x0000000000000ace     0x14a5 ../../RP6Lib/RP6base/RP6RobotBaseLib.o
 .debug_info    0x0000000000001f73      0x40d ../../RP6Lib/RP6common/RP6uart.o
 .debug_info    0x0000000000002380      0x1d6 ../../RP6Lib/RP6common/RP6I2CslaveTWI.o
 *(.gnu.linkonce.wi.*)

.debug_abbrev   0x0000000000000000      0x6e8
 *(.debug_abbrev)
 .debug_abbrev  0x0000000000000000      0x1b8 RP6Base_I2CSlave.o
 .debug_abbrev  0x00000000000001b8      0x302 ../../RP6Lib/RP6base/RP6RobotBaseLib.o
 .debug_abbrev  0x00000000000004ba      0x187 ../../RP6Lib/RP6common/RP6uart.o
 .debug_abbrev  0x0000000000000641       0xa7 ../../RP6Lib/RP6common/RP6I2CslaveTWI.o

.debug_line     0x0000000000000000     0x21d1
 *(.debug_line)
 .debug_line    0x0000000000000000      0x669 RP6Base_I2CSlave.o
 .debug_line    0x0000000000000669     0x169c ../../RP6Lib/RP6base/RP6RobotBaseLib.o
 .debug_line    0x0000000000001d05      0x2ff ../../RP6Lib/RP6common/RP6uart.o
 .debug_line    0x0000000000002004      0x1cd ../../RP6Lib/RP6common/RP6I2CslaveTWI.o

.debug_frame    0x0000000000000000      0x4f0
 *(.debug_frame)
 .debug_frame   0x0000000000000000       0xd0 RP6Base_I2CSlave.o
 .debug_frame   0x00000000000000d0      0x330 ../../RP6Lib/RP6base/RP6RobotBaseLib.o
 .debug_frame   0x0000000000000400       0xc0 ../../RP6Lib/RP6common/RP6uart.o
 .debug_frame   0x00000000000004c0       0x30 ../../RP6Lib/RP6common/RP6I2CslaveTWI.o

.debug_str      0x0000000000000000      0xe28
 *(.debug_str)
 .debug_str     0x0000000000000000      0x540 RP6Base_I2CSlave.o
                                        0x596 (size before relaxing)
 .debug_str     0x0000000000000540      0x723 ../../RP6Lib/RP6base/RP6RobotBaseLib.o
                                        0xa53 (size before relaxing)
 .debug_str     0x0000000000000c63      0x14b ../../RP6Lib/RP6common/RP6uart.o
                                        0x24b (size before relaxing)
 .debug_str     0x0000000000000dae       0x7a ../../RP6Lib/RP6common/RP6I2CslaveTWI.o
                                        0x1b9 (size before relaxing)

.debug_loc      0x0000000000000000      0x5fa
 *(.debug_loc)
 .debug_loc     0x0000000000000000       0x38 RP6Base_I2CSlave.o
 .debug_loc     0x0000000000000038      0x365 ../../RP6Lib/RP6base/RP6RobotBaseLib.o
 .debug_loc     0x000000000000039d      0x23e ../../RP6Lib/RP6common/RP6uart.o
 .debug_loc     0x00000000000005db       0x1f ../../RP6Lib/RP6common/RP6I2CslaveTWI.o

.debug_macinfo
 *(.debug_macinfo)
OUTPUT(RP6Base_I2CSlave.elf elf32-avr)
LOAD linker stubs

.debug_pubtypes
                0x0000000000000000      0x11b
 .debug_pubtypes
                0x0000000000000000       0x57 RP6Base_I2CSlave.o
 .debug_pubtypes
                0x0000000000000057       0x64 ../../RP6Lib/RP6base/RP6RobotBaseLib.o
 .debug_pubtypes
                0x00000000000000bb       0x42 ../../RP6Lib/RP6common/RP6uart.o
 .debug_pubtypes
                0x00000000000000fd       0x1e ../../RP6Lib/RP6common/RP6I2CslaveTWI.o

Cross Reference Table

Symbol                                            File
ACS_setStateChangedHandler                        ../../RP6Lib/RP6base/RP6RobotBaseLib.o
                                                  RP6Base_I2CSlave.o
ACS_stateChanged_DUMMY                            ../../RP6Lib/RP6base/RP6RobotBaseLib.o
BUMPERS_setStateChangedHandler                    ../../RP6Lib/RP6base/RP6RobotBaseLib.o
                                                  RP6Base_I2CSlave.o
BUMPERS_stateChanged_DUMMY                        ../../RP6Lib/RP6base/RP6RobotBaseLib.o
I2CTWI_dataReadFromReg                            ../../RP6Lib/RP6common/RP6I2CslaveTWI.o
                                                  RP6Base_I2CSlave.o
I2CTWI_dataWasRead                                ../../RP6Lib/RP6common/RP6I2CslaveTWI.o
                                                  RP6Base_I2CSlave.o
I2CTWI_genCallCMD                                 ../../RP6Lib/RP6common/RP6I2CslaveTWI.o
I2CTWI_initSlave                                  ../../RP6Lib/RP6common/RP6I2CslaveTWI.o
                                                  RP6Base_I2CSlave.o
I2CTWI_readBusy                                   ../../RP6Lib/RP6common/RP6I2CslaveTWI.o
                                                  RP6Base_I2CSlave.o
I2CTWI_readRegisters                              ../../RP6Lib/RP6common/RP6I2CslaveTWI.o
                                                  RP6Base_I2CSlave.o
I2CTWI_writeBusy                                  ../../RP6Lib/RP6common/RP6I2CslaveTWI.o
                                                  RP6Base_I2CSlave.o
I2CTWI_writeRegisters                             ../../RP6Lib/RP6common/RP6I2CslaveTWI.o
                                                  RP6Base_I2CSlave.o
IRCOMM_RC5_data                                   ../../RP6Lib/RP6base/RP6RobotBaseLib.o
IRCOMM_RC5_data_ok                                ../../RP6Lib/RP6base/RP6RobotBaseLib.o
IRCOMM_RC5dataReady_DUMMY                         ../../RP6Lib/RP6base/RP6RobotBaseLib.o
IRCOMM_sendRC5                                    ../../RP6Lib/RP6base/RP6RobotBaseLib.o
                                                  RP6Base_I2CSlave.o
IRCOMM_setRC5DataReadyHandler                     ../../RP6Lib/RP6base/RP6RobotBaseLib.o
                                                  RP6Base_I2CSlave.o
MOTIONCONTROL_setStateChangedHandler              ../../RP6Lib/RP6base/RP6RobotBaseLib.o
                                                  RP6Base_I2CSlave.o
MOTIONCONTROL_stateChanged_DUMMY                  ../../RP6Lib/RP6base/RP6RobotBaseLib.o
__bad_interrupt                                   /usr/lib/gcc/avr/4.5.3/../../../avr/lib/avr5/crtm32.o
__bss_end                                         /usr/lib/gcc/avr/4.5.3/avr5/libgcc.a(_clear_bss.o)
__bss_start                                       /usr/lib/gcc/avr/4.5.3/avr5/libgcc.a(_clear_bss.o)
__data_end                                        /usr/lib/gcc/avr/4.5.3/avr5/libgcc.a(_copy_data.o)
__data_load_start                                 /usr/lib/gcc/avr/4.5.3/avr5/libgcc.a(_copy_data.o)
__data_start                                      /usr/lib/gcc/avr/4.5.3/avr5/libgcc.a(_copy_data.o)
__divmodhi4                                       /usr/lib/gcc/avr/4.5.3/avr5/libgcc.a(_divmodhi4.o)
                                                  ../../RP6Lib/RP6base/RP6RobotBaseLib.o
__do_clear_bss                                    /usr/lib/gcc/avr/4.5.3/avr5/libgcc.a(_clear_bss.o)
                                                  ../../RP6Lib/RP6common/RP6I2CslaveTWI.o
                                                  ../../RP6Lib/RP6common/RP6uart.o
                                                  ../../RP6Lib/RP6base/RP6RobotBaseLib.o
                                                  RP6Base_I2CSlave.o
__do_copy_data                                    /usr/lib/gcc/avr/4.5.3/avr5/libgcc.a(_copy_data.o)
                                                  ../../RP6Lib/RP6base/RP6RobotBaseLib.o
                                                  RP6Base_I2CSlave.o
__heap_end                                        /usr/lib/gcc/avr/4.5.3/../../../avr/lib/avr5/crtm32.o
__init                                            /usr/lib/gcc/avr/4.5.3/../../../avr/lib/avr5/crtm32.o
__mulsi3                                          /usr/lib/gcc/avr/4.5.3/avr5/libgcc.a(_mulsi3.o)
                                                  ../../RP6Lib/RP6base/RP6RobotBaseLib.o
__stack                                           /usr/lib/gcc/avr/4.5.3/../../../avr/lib/avr5/crtm32.o
__udivmodhi4                                      /usr/lib/gcc/avr/4.5.3/avr5/libgcc.a(_udivmodhi4.o)
                                                  /usr/lib/gcc/avr/4.5.3/../../../avr/lib/avr5/libc.a(itoa.o)
                                                  /usr/lib/gcc/avr/4.5.3/avr5/libgcc.a(_divmodhi4.o)
                                                  ../../RP6Lib/RP6base/RP6RobotBaseLib.o
__udivmodsi4                                      /usr/lib/gcc/avr/4.5.3/avr5/libgcc.a(_udivmodsi4.o)
                                                  ../../RP6Lib/RP6base/RP6RobotBaseLib.o
__vector_1                                        ../../RP6Lib/RP6base/RP6RobotBaseLib.o
                                                  /usr/lib/gcc/avr/4.5.3/../../../avr/lib/avr5/crtm32.o
__vector_10                                       ../../RP6Lib/RP6base/RP6RobotBaseLib.o
                                                  /usr/lib/gcc/avr/4.5.3/../../../avr/lib/avr5/crtm32.o
__vector_11                                       /usr/lib/gcc/avr/4.5.3/../../../avr/lib/avr5/crtm32.o
__vector_12                                       /usr/lib/gcc/avr/4.5.3/../../../avr/lib/avr5/crtm32.o
__vector_13                                       ../../RP6Lib/RP6common/RP6uart.o
                                                  /usr/lib/gcc/avr/4.5.3/../../../avr/lib/avr5/crtm32.o
__vector_14                                       /usr/lib/gcc/avr/4.5.3/../../../avr/lib/avr5/crtm32.o
__vector_15                                       /usr/lib/gcc/avr/4.5.3/../../../avr/lib/avr5/crtm32.o
__vector_16                                       /usr/lib/gcc/avr/4.5.3/../../../avr/lib/avr5/crtm32.o
__vector_17                                       /usr/lib/gcc/avr/4.5.3/../../../avr/lib/avr5/crtm32.o
__vector_18                                       /usr/lib/gcc/avr/4.5.3/../../../avr/lib/avr5/crtm32.o
__vector_19                                       ../../RP6Lib/RP6common/RP6I2CslaveTWI.o
                                                  /usr/lib/gcc/avr/4.5.3/../../../avr/lib/avr5/crtm32.o
__vector_2                                        ../../RP6Lib/RP6base/RP6RobotBaseLib.o
                                                  /usr/lib/gcc/avr/4.5.3/../../../avr/lib/avr5/crtm32.o
__vector_20                                       /usr/lib/gcc/avr/4.5.3/../../../avr/lib/avr5/crtm32.o
__vector_3                                        ../../RP6Lib/RP6base/RP6RobotBaseLib.o
                                                  /usr/lib/gcc/avr/4.5.3/../../../avr/lib/avr5/crtm32.o
__vector_4                                        ../../RP6Lib/RP6base/RP6RobotBaseLib.o
                                                  /usr/lib/gcc/avr/4.5.3/../../../avr/lib/avr5/crtm32.o
__vector_5                                        /usr/lib/gcc/avr/4.5.3/../../../avr/lib/avr5/crtm32.o
__vector_6                                        /usr/lib/gcc/avr/4.5.3/../../../avr/lib/avr5/crtm32.o
__vector_7                                        /usr/lib/gcc/avr/4.5.3/../../../avr/lib/avr5/crtm32.o
__vector_8                                        /usr/lib/gcc/avr/4.5.3/../../../avr/lib/avr5/crtm32.o
__vector_9                                        /usr/lib/gcc/avr/4.5.3/../../../avr/lib/avr5/crtm32.o
__vector_default                                  /usr/lib/gcc/avr/4.5.3/../../../avr/lib/avr5/crtm32.o
__vectors                                         /usr/lib/gcc/avr/4.5.3/../../../avr/lib/avr5/crtm32.o
_div                                              /usr/lib/gcc/avr/4.5.3/avr5/libgcc.a(_divmodhi4.o)
_exit                                             /usr/lib/gcc/avr/4.5.3/avr5/libgcc.a(_exit.o)
acsStateChanged                                   RP6Base_I2CSlave.o
acs_event_counter                                 ../../RP6Lib/RP6base/RP6RobotBaseLib.o
acs_pulse                                         ../../RP6Lib/RP6base/RP6RobotBaseLib.o
acs_state                                         ../../RP6Lib/RP6base/RP6RobotBaseLib.o
acs_timer                                         ../../RP6Lib/RP6base/RP6RobotBaseLib.o
adc0                                              ../../RP6Lib/RP6base/RP6RobotBaseLib.o
                                                  RP6Base_I2CSlave.o
adc1                                              ../../RP6Lib/RP6base/RP6RobotBaseLib.o
                                                  RP6Base_I2CSlave.o
adcBat                                            ../../RP6Lib/RP6base/RP6RobotBaseLib.o
                                                  RP6Base_I2CSlave.o
adcLSL                                            ../../RP6Lib/RP6base/RP6RobotBaseLib.o
                                                  RP6Base_I2CSlave.o
adcLSR                                            ../../RP6Lib/RP6base/RP6RobotBaseLib.o
                                                  RP6Base_I2CSlave.o
adcMotorCurrentLeft                               ../../RP6Lib/RP6base/RP6RobotBaseLib.o
                                                  RP6Base_I2CSlave.o
adcMotorCurrentRight                              ../../RP6Lib/RP6base/RP6RobotBaseLib.o
                                                  RP6Base_I2CSlave.o
bumper_left                                       ../../RP6Lib/RP6base/RP6RobotBaseLib.o
                                                  RP6Base_I2CSlave.o
bumper_right                                      ../../RP6Lib/RP6base/RP6RobotBaseLib.o
                                                  RP6Base_I2CSlave.o
bumper_timer                                      ../../RP6Lib/RP6base/RP6RobotBaseLib.o
bumpersStateChanged                               RP6Base_I2CSlave.o
changeDirection                                   ../../RP6Lib/RP6base/RP6RobotBaseLib.o
                                                  RP6Base_I2CSlave.o
clearInterrupt                                    RP6Base_I2CSlave.o
clearReceptionBuffer                              ../../RP6Lib/RP6common/RP6uart.o
cmd                                               RP6Base_I2CSlave.o
delayCycles                                       ../../RP6Lib/RP6base/RP6RobotBaseLib.o
                                                  RP6Base_I2CSlave.o
delay_timer                                       ../../RP6Lib/RP6base/RP6RobotBaseLib.o
disableACS                                        ../../RP6Lib/RP6base/RP6RobotBaseLib.o
                                                  RP6Base_I2CSlave.o
disablePowerOnWarning                             ../../RP6Lib/RP6base/RP6RobotBaseLib.o
distanceToMove_L                                  ../../RP6Lib/RP6base/RP6RobotBaseLib.o
distanceToMove_R                                  ../../RP6Lib/RP6base/RP6RobotBaseLib.o
drive_dir                                         ../../RP6Lib/RP6base/RP6RobotBaseLib.o
                                                  RP6Base_I2CSlave.o
drive_status                                      RP6Base_I2CSlave.o
emergencyShutdown                                 ../../RP6Lib/RP6base/RP6RobotBaseLib.o
enableACS                                         ../../RP6Lib/RP6base/RP6RobotBaseLib.o
                                                  RP6Base_I2CSlave.o
enablePowerOnWarning                              ../../RP6Lib/RP6base/RP6RobotBaseLib.o
exit                                              /usr/lib/gcc/avr/4.5.3/avr5/libgcc.a(_exit.o)
                                                  /usr/lib/gcc/avr/4.5.3/../../../avr/lib/avr5/crtm32.o
extIntOFF                                         ../../RP6Lib/RP6base/RP6RobotBaseLib.o
                                                  RP6Base_I2CSlave.o
extIntON                                          ../../RP6Lib/RP6base/RP6RobotBaseLib.o
                                                  RP6Base_I2CSlave.o
getBufferLength                                   ../../RP6Lib/RP6common/RP6uart.o
getBumperLeft                                     ../../RP6Lib/RP6base/RP6RobotBaseLib.o
getBumperRight                                    ../../RP6Lib/RP6base/RP6RobotBaseLib.o
getCommand                                        RP6Base_I2CSlave.o
initRobotBase                                     ../../RP6Lib/RP6base/RP6RobotBaseLib.o
                                                  RP6Base_I2CSlave.o
interrupt_status                                  RP6Base_I2CSlave.o
ircomm_data                                       ../../RP6Lib/RP6base/RP6RobotBaseLib.o
ircomm_data_tmp                                   ../../RP6Lib/RP6base/RP6RobotBaseLib.o
ircomm_send                                       ../../RP6Lib/RP6base/RP6RobotBaseLib.o
isMovementComplete                                ../../RP6Lib/RP6base/RP6RobotBaseLib.o
                                                  RP6Base_I2CSlave.o
itoa                                              /usr/lib/gcc/avr/4.5.3/../../../avr/lib/avr5/libc.a(itoa.o)
                                                  ../../RP6Lib/RP6common/RP6uart.o
lastRC5Reception                                  RP6Base_I2CSlave.o
leds                                              RP6Base_I2CSlave.o
leds_on                                           ../../RP6Lib/RP6base/RP6RobotBaseLib.o
left_i                                            ../../RP6Lib/RP6base/RP6RobotBaseLib.o
mSleep                                            ../../RP6Lib/RP6base/RP6RobotBaseLib.o
                                                  RP6Base_I2CSlave.o
main                                              RP6Base_I2CSlave.o
                                                  /usr/lib/gcc/avr/4.5.3/../../../avr/lib/avr5/crtm32.o
mleft_counter                                     ../../RP6Lib/RP6base/RP6RobotBaseLib.o
mleft_des_dir                                     ../../RP6Lib/RP6base/RP6RobotBaseLib.o
mleft_des_speed                                   ../../RP6Lib/RP6base/RP6RobotBaseLib.o
                                                  RP6Base_I2CSlave.o
mleft_des_speed_tmp                               ../../RP6Lib/RP6base/RP6RobotBaseLib.o
mleft_dir                                         ../../RP6Lib/RP6base/RP6RobotBaseLib.o
mleft_dist                                        ../../RP6Lib/RP6base/RP6RobotBaseLib.o
                                                  RP6Base_I2CSlave.o
mleft_power                                       ../../RP6Lib/RP6base/RP6RobotBaseLib.o
                                                  RP6Base_I2CSlave.o
mleft_ptmp                                        ../../RP6Lib/RP6base/RP6RobotBaseLib.o
mleft_speed                                       ../../RP6Lib/RP6base/RP6RobotBaseLib.o
                                                  RP6Base_I2CSlave.o
motionControlStateChanged                         RP6Base_I2CSlave.o
motion_status                                     ../../RP6Lib/RP6base/RP6RobotBaseLib.o
                                                  RP6Base_I2CSlave.o
motion_status_tmp                                 ../../RP6Lib/RP6base/RP6RobotBaseLib.o
motor_control                                     ../../RP6Lib/RP6base/RP6RobotBaseLib.o
move                                              ../../RP6Lib/RP6base/RP6RobotBaseLib.o
                                                  RP6Base_I2CSlave.o
moveAtSpeed                                       ../../RP6Lib/RP6base/RP6RobotBaseLib.o
                                                  RP6Base_I2CSlave.o
mright_counter                                    ../../RP6Lib/RP6base/RP6RobotBaseLib.o
mright_des_dir                                    ../../RP6Lib/RP6base/RP6RobotBaseLib.o
mright_des_speed                                  ../../RP6Lib/RP6base/RP6RobotBaseLib.o
                                                  RP6Base_I2CSlave.o
mright_des_speed_tmp                              ../../RP6Lib/RP6base/RP6RobotBaseLib.o
mright_dir                                        ../../RP6Lib/RP6base/RP6RobotBaseLib.o
mright_dist                                       ../../RP6Lib/RP6base/RP6RobotBaseLib.o
                                                  RP6Base_I2CSlave.o
mright_power                                      ../../RP6Lib/RP6base/RP6RobotBaseLib.o
                                                  RP6Base_I2CSlave.o
mright_ptmp                                       ../../RP6Lib/RP6base/RP6RobotBaseLib.o
mright_speed                                      ../../RP6Lib/RP6base/RP6RobotBaseLib.o
                                                  RP6Base_I2CSlave.o
ms_timer                                          ../../RP6Lib/RP6base/RP6RobotBaseLib.o
obstacle_left                                     ../../RP6Lib/RP6base/RP6RobotBaseLib.o
                                                  RP6Base_I2CSlave.o
obstacle_right                                    ../../RP6Lib/RP6base/RP6RobotBaseLib.o
                                                  RP6Base_I2CSlave.o
overcurrent_error_clear                           ../../RP6Lib/RP6base/RP6RobotBaseLib.o
overcurrent_errors                                ../../RP6Lib/RP6base/RP6RobotBaseLib.o
overcurrent_timeout                               ../../RP6Lib/RP6base/RP6RobotBaseLib.o
overcurrent_timer                                 ../../RP6Lib/RP6base/RP6RobotBaseLib.o
param1                                            RP6Base_I2CSlave.o
param2                                            RP6Base_I2CSlave.o
param3                                            RP6Base_I2CSlave.o
param4                                            RP6Base_I2CSlave.o
param5                                            RP6Base_I2CSlave.o
param6                                            RP6Base_I2CSlave.o
powerOFF                                          ../../RP6Lib/RP6base/RP6RobotBaseLib.o
                                                  RP6Base_I2CSlave.o
powerON                                           ../../RP6Lib/RP6base/RP6RobotBaseLib.o
                                                  RP6Base_I2CSlave.o
preDecelerate_L                                   ../../RP6Lib/RP6base/RP6RobotBaseLib.o
preDecelerate_R                                   ../../RP6Lib/RP6base/RP6RobotBaseLib.o
preStop_L                                         ../../RP6Lib/RP6base/RP6RobotBaseLib.o
preStop_R                                         ../../RP6Lib/RP6base/RP6RobotBaseLib.o
readADC                                           ../../RP6Lib/RP6base/RP6RobotBaseLib.o
readChar                                          ../../RP6Lib/RP6common/RP6uart.o
readChars                                         ../../RP6Lib/RP6common/RP6uart.o
read_pos                                          ../../RP6Lib/RP6common/RP6uart.o
read_size                                         ../../RP6Lib/RP6common/RP6uart.o
receiveRC5Data                                    RP6Base_I2CSlave.o
right_i                                           ../../RP6Lib/RP6base/RP6RobotBaseLib.o
rotate                                            ../../RP6Lib/RP6base/RP6RobotBaseLib.o
                                                  RP6Base_I2CSlave.o
setACSPwrHigh                                     ../../RP6Lib/RP6base/RP6RobotBaseLib.o
                                                  RP6Base_I2CSlave.o
setACSPwrLow                                      ../../RP6Lib/RP6base/RP6RobotBaseLib.o
                                                  RP6Base_I2CSlave.o
setACSPwrMed                                      ../../RP6Lib/RP6base/RP6RobotBaseLib.o
                                                  RP6Base_I2CSlave.o
setACSPwrOff                                      ../../RP6Lib/RP6base/RP6RobotBaseLib.o
                                                  RP6Base_I2CSlave.o
setLEDs                                           ../../RP6Lib/RP6base/RP6RobotBaseLib.o
                                                  RP6Base_I2CSlave.o
setMotorDir                                       ../../RP6Lib/RP6base/RP6RobotBaseLib.o
setMotorPower                                     ../../RP6Lib/RP6base/RP6RobotBaseLib.o
signalInterrupt                                   RP6Base_I2CSlave.o
sleep                                             ../../RP6Lib/RP6base/RP6RobotBaseLib.o
speed_adjust_timer                                ../../RP6Lib/RP6base/RP6RobotBaseLib.o
speed_timer                                       ../../RP6Lib/RP6base/RP6RobotBaseLib.o
startADC                                          ../../RP6Lib/RP6base/RP6RobotBaseLib.o
status                                            RP6Base_I2CSlave.o
statusLEDs                                        ../../RP6Lib/RP6base/RP6RobotBaseLib.o
                                                  RP6Base_I2CSlave.o
stop                                              ../../RP6Lib/RP6base/RP6RobotBaseLib.o
                                                  RP6Base_I2CSlave.o
stopwatches                                       ../../RP6Lib/RP6base/RP6RobotBaseLib.o
                                                  RP6Base_I2CSlave.o
strrev                                            /usr/lib/gcc/avr/4.5.3/../../../avr/lib/avr5/libc.a(strrev.o)
                                                  /usr/lib/gcc/avr/4.5.3/../../../avr/lib/avr5/libc.a(itoa.o)
sysStatACS                                        ../../RP6Lib/RP6base/RP6RobotBaseLib.o
task_ACS                                          ../../RP6Lib/RP6base/RP6RobotBaseLib.o
task_ADC                                          ../../RP6Lib/RP6base/RP6RobotBaseLib.o
task_Bumpers                                      ../../RP6Lib/RP6base/RP6RobotBaseLib.o
task_MasterTimeout                                RP6Base_I2CSlave.o
task_RP6System                                    ../../RP6Lib/RP6base/RP6RobotBaseLib.o
                                                  RP6Base_I2CSlave.o
task_commandProcessor                             RP6Base_I2CSlave.o
task_motionControl                                ../../RP6Lib/RP6base/RP6RobotBaseLib.o
task_update                                       RP6Base_I2CSlave.o
task_updateRegisters                              RP6Base_I2CSlave.o
timer                                             ../../RP6Lib/RP6base/RP6RobotBaseLib.o
                                                  RP6Base_I2CSlave.o
uBat_count                                        RP6Base_I2CSlave.o
uBat_measure                                      RP6Base_I2CSlave.o
uart_receive_buffer                               ../../RP6Lib/RP6common/RP6uart.o
uart_status                                       ../../RP6Lib/RP6common/RP6uart.o
updateStatusLEDs                                  ../../RP6Lib/RP6base/RP6RobotBaseLib.o
writeChar                                         ../../RP6Lib/RP6common/RP6uart.o
writeInteger                                      ../../RP6Lib/RP6common/RP6uart.o
writeIntegerLength                                ../../RP6Lib/RP6common/RP6uart.o
writeNStringP                                     ../../RP6Lib/RP6common/RP6uart.o
                                                  ../../RP6Lib/RP6base/RP6RobotBaseLib.o
                                                  RP6Base_I2CSlave.o
writeString                                       ../../RP6Lib/RP6common/RP6uart.o
writeStringLength                                 ../../RP6Lib/RP6common/RP6uart.o
write_pos                                         ../../RP6Lib/RP6common/RP6uart.o
write_size                                        ../../RP6Lib/RP6common/RP6uart.o
